// Jest Snapshot v1, https://goo.gl/fbAQLP

exports[`DocumentationService e2e return dynamodb resource documentation 1`] = `
"[AWS::DynamoDB::Table](http://docs.aws.amazon.com/AWSCloudFormation/latest/UserGuide/aws-resource-dynamodb-table.html)


| Property | Type |
| ------ | ------ |
| [AttributeDefinitions](http://docs.aws.amazon.com/AWSCloudFormation/latest/UserGuide/aws-resource-dynamodb-table.html#cfn-dynamodb-table-attributedef) | [ \`AttributeDefinition\` ] |
| [BillingMode](http://docs.aws.amazon.com/AWSCloudFormation/latest/UserGuide/aws-resource-dynamodb-table.html#cfn-dynamodb-table-billingmode) | \`\` \`String\` |
| [ContributorInsightsSpecification](http://docs.aws.amazon.com/AWSCloudFormation/latest/UserGuide/aws-resource-dynamodb-table.html#cfn-dynamodb-contributorinsightsspecification-enabled) | [\`ContributorInsightsSpecification\`](http://docs.aws.amazon.com/AWSCloudFormation/latest/UserGuide/aws-properties-dynamodb-contributorinsightsspecification.html) |
| [GlobalSecondaryIndexes](http://docs.aws.amazon.com/AWSCloudFormation/latest/UserGuide/aws-resource-dynamodb-table.html#cfn-dynamodb-table-gsi) | [ \`GlobalSecondaryIndex\` ] |
| [KeySchema](http://docs.aws.amazon.com/AWSCloudFormation/latest/UserGuide/aws-resource-dynamodb-table.html#cfn-dynamodb-table-keyschema) | [ [\`KeySchema\`](http://docs.aws.amazon.com/AWSCloudFormation/latest/UserGuide/aws-properties-dynamodb-keyschema.html) ] |
| [KinesisStreamSpecification](http://docs.aws.amazon.com/AWSCloudFormation/latest/UserGuide/aws-resource-dynamodb-table.html#cfn-dynamodb-table-kinesisstreamspecification) | [\`KinesisStreamSpecification\`](http://docs.aws.amazon.com/AWSCloudFormation/latest/UserGuide/aws-properties-dynamodb-kinesisstreamspecification.html) |

- [8 more...](http://docs.aws.amazon.com/AWSCloudFormation/latest/UserGuide/aws-resource-dynamodb-table.html)


| Attribute | Type |
| ------ | ------ |
| Arn | \`\` \`String\` |
| StreamArn | \`\` \`String\` |"
`;

exports[`DocumentationService e2e should return docs for sam resources 1`] = `
"[AWS::Serverless::Function](https://github.com/awslabs/serverless-application-model/blob/master/versions/2016-10-31.md#awsserverlessfunction)


| Property | Type |
| ------ | ------ |
| [Handler](https://github.com/awslabs/serverless-application-model/blob/master/versions/2016-10-31.md#awsserverlessfunction) | \`\` \`String\` |
| [Runtime](https://github.com/awslabs/serverless-application-model/blob/master/versions/2016-10-31.md#awsserverlessfunction) | \`\` \`String\` |
| [CodeUri](https://github.com/awslabs/serverless-application-model/blob/master/versions/2016-10-31.md#awsserverlessfunction) | [\`CodeUri\`](https://github.com/awslabs/serverless-application-model/blob/master/versions/2016-10-31.md#s3-location-object) |
| [InlineCode](https://github.com/awslabs/serverless-application-model/blob/master/versions/2016-10-31.md#awsserverlessfunction) | \`\` \`String\` |
| [FunctionName](https://github.com/awslabs/serverless-application-model/blob/master/versions/2016-10-31.md#awsserverlessfunction) | \`\` \`String\` |
| [Description](https://github.com/awslabs/serverless-application-model/blob/master/versions/2016-10-31.md#awsserverlessfunction) | \`\` \`String\` |

- [15 more...](https://github.com/awslabs/serverless-application-model/blob/master/versions/2016-10-31.md#awsserverlessfunction)


| Attribute | Type |
| ------ | ------ |
| Arn | \`\` \`String\` |"
`;

exports[`DocumentationService e2e should return dynamodb resource documentation 1`] = `
"[AWS::DynamoDB::Table](http://docs.aws.amazon.com/AWSCloudFormation/latest/UserGuide/aws-resource-dynamodb-table.html) / Properties / [KeySchema](http://docs.aws.amazon.com/AWSCloudFormation/latest/UserGuide/aws-properties-dynamodb-keyschema.html)


| Property | Type |
| ------ | ------ |
| [\`AttributeName\`](http://docs.aws.amazon.com/AWSCloudFormation/latest/UserGuide/aws-properties-dynamodb-keyschema.html#aws-properties-dynamodb-keyschema-attributename) | \`\` \`String\` |
| [\`KeyType\`](http://docs.aws.amazon.com/AWSCloudFormation/latest/UserGuide/aws-properties-dynamodb-keyschema.html#aws-properties-dynamodb-keyschema-keytype) | \`\` \`String\` |"
`;
